// Jest Snapshot v1, https://goo.gl/fbAQLP

exports[`renders correctly 1`] = `
<form
  className=""
  onSubmit={[Function]}
>
  <div
    className="modal-body"
  >
    You can unlink your League of Legends credentials one month after linking your account.
  </div>
  <div
    className="modal-footer"
  >
    <button
      aria-label={null}
      className="mr-2 btn btn-primary btn-sm"
      onClick={[Function]}
      type="submit"
    >
      Yes
    </button>
    <button
      aria-label={null}
      className="btn btn-secondary btn-sm"
      onClick={[Function]}
      type="button"
    >
      No
    </button>
  </div>
</form>
`;
