// Jest Snapshot v1, https://goo.gl/fbAQLP

exports[`renders without crashing 1`] = `
<div
  className="text-center card"
>
  <div
    className="card-header"
  >
    <strong
      className="text-uppercase"
    >
      Payout
    </strong>
  </div>
  <table
    className="m-0 border-0 table table-sm table-bordered table-striped table-hover"
    color="dark"
  >
    <thead>
      <tr>
        <th
          className="align-middle w-50"
        >
          Position
        </th>
        <th
          className="align-middle w-50"
        >
          Prize
        </th>
      </tr>
    </thead>
    <tbody />
  </table>
</div>
`;
