// Jest Snapshot v1, https://goo.gl/fbAQLP

exports[`renders without crashing 1`] = `
<div
  className="alert alert-primary fade"
  role="alert"
>
  <h4
    className="alert-heading"
  />
  <p
    className="mb-0"
  />
</div>
`;
