// Jest Snapshot v1, https://goo.gl/fbAQLP

exports[`<UserAddressUpdateForm /> should match the snapshot 1`] = `ShallowWrapper {}`;
