// Jest Snapshot v1, https://goo.gl/fbAQLP

exports[`renders correctly 1`] = `
<form
  className=""
  onSubmit={[Function]}
>
  <div
    className="form-group"
  >
    <input
      className="form-control-sm form-control"
      disabled={true}
      type="text"
    />
  </div>
  <div
    className="form-group"
  >
    <input
      className="form-control-sm form-control"
      name="line1"
      onBlur={[Function]}
      onChange={[Function]}
      onDragStart={[Function]}
      onDrop={[Function]}
      onFocus={[Function]}
      placeholder="Address line 1"
      type="text"
      value=""
    />
    <div
      className="invalid-feedback"
    />
  </div>
  <div
    className="form-group"
  >
    <input
      className="form-control-sm form-control"
      name="line2"
      onBlur={[Function]}
      onChange={[Function]}
      onDragStart={[Function]}
      onDrop={[Function]}
      onFocus={[Function]}
      placeholder="Address line 2 (optional)"
      type="text"
      value=""
    />
    <div
      className="invalid-feedback"
    />
  </div>
  <div
    className="form-group"
  >
    <input
      className="form-control-sm form-control"
      name="city"
      onBlur={[Function]}
      onChange={[Function]}
      onDragStart={[Function]}
      onDrop={[Function]}
      onFocus={[Function]}
      placeholder="City"
      type="text"
      value=""
    />
    <div
      className="invalid-feedback"
    />
  </div>
  <div
    className="my-0 row form-group"
  >
    <div
      className="col-8"
    >
      <div
        className="form-group"
      >
        <input
          className="form-control-sm form-control"
          name="state"
          onBlur={[Function]}
          onChange={[Function]}
          onDragStart={[Function]}
          onDrop={[Function]}
          onFocus={[Function]}
          placeholder="State"
          type="text"
          value=""
        />
        <div
          className="invalid-feedback"
        />
      </div>
    </div>
    <div
      className="col-4"
    >
      <div
        className="form-group"
      >
        <input
          className="form-control-sm form-control"
          name="postalCode"
          onBlur={[Function]}
          onChange={[Function]}
          onDragStart={[Function]}
          onDrop={[Function]}
          onFocus={[Function]}
          placeholder="Postal Code"
          type="text"
          value=""
        />
        <div
          className="invalid-feedback"
        />
      </div>
    </div>
  </div>
  <div
    className="mb-0 form-group"
  >
    <button
      aria-label={null}
      className="mr-2 btn btn-primary btn-sm"
      onClick={[Function]}
      style={
        Object {
          "width": "75px",
        }
      }
      type="submit"
    >
      Save
    </button>
    <button
      aria-label={null}
      className="btn btn-outline-primary btn-sm"
      onClick={[Function]}
      style={
        Object {
          "width": "75px",
        }
      }
      type="button"
    >
      Cancel
    </button>
  </div>
</form>
`;
