// Jest Snapshot v1, https://goo.gl/fbAQLP

exports[`renders without crashing 1`] = `
<div
  className="card"
>
  <div
    className="text-center bg-gray-900 card-header"
  >
    <strong
      className="text-uppercase"
    >
      Scoring legend
    </strong>
  </div>
  <table
    className="m-0 table table-sm table-bordered table-striped table-hover"
  >
    <tbody />
  </table>
</div>
`;
