// Jest Snapshot v1, https://goo.gl/fbAQLP

exports[`renders without crashing 1`] = `
<form>
  <div
    className="alert alert-primary fade"
    role="alert"
  >
    <strong>
      Error:
    </strong>
     
  </div>
</form>
`;
