// Jest Snapshot v1, https://goo.gl/fbAQLP

exports[`renders without crashing 1`] = `
Array [
  <h5
    className="text-uppercase my-4"
  >
    GAME CONNECTIONS
  </h5>,
  <div
    className="my-4 card-deck"
  />,
]
`;
