// Jest Snapshot v1, https://goo.gl/fbAQLP

exports[`<PaymentMethodCreateForm /> should match the snapshot 1`] = `ShallowWrapper {}`;
