// Jest Snapshot v1, https://goo.gl/fbAQLP

exports[`renders without crashing 1`] = `
<span
  className="px-2 null badge badge-secondary badge-pill"
>
  <span>
    Unverified
  </span>
</span>
`;
