// Jest Snapshot v1, https://goo.gl/fbAQLP

exports[`renders correctly 1`] = `
Array [
  <input
    className="form-control-sm form-control"
    type="text"
  />,
  <div
    className="invalid-feedback"
  />,
]
`;
