// Jest Snapshot v1, https://goo.gl/fbAQLP

exports[`renders without crashing 1`] = `
<button
  aria-label={null}
  className="btn btn-outline-primary btn-sm"
  onClick={[Function]}
  style={
    Object {
      "width": "75px",
    }
  }
  type="button"
>
  Cancel
</button>
`;
