// Jest Snapshot v1, https://goo.gl/fbAQLP

exports[`renders without crashing 1`] = `
<div
  className="app flex-row align-items-center"
>
  <div
    className="container"
  >
    <div
      className="justify-content-center row"
    >
      <div
        className="col-md-9 col-lg-7 col-xl-6"
      >
        <div
          className="mx-4 card"
        >
          <div
            className="p-4 card-body"
          >
            <form
              className=""
            >
              <h1>
                Reset Password
              </h1>
              <p
                className="text-muted"
              >
                Reset your account password
              </p>
              <div
                className="mb-3 input-group"
              >
                <div
                  className="input-group-prepend"
                >
                  <span
                    className="input-group-text"
                  >
                    @
                  </span>
                </div>
                <input
                  autoComplete="email"
                  className="form-control"
                  placeholder="Email"
                  type="text"
                />
              </div>
              <div
                className="mb-3 input-group"
              >
                <div
                  className="input-group-prepend"
                >
                  <span
                    className="input-group-text"
                  >
                    <i
                      className="icon-lock"
                    />
                  </span>
                </div>
                <input
                  autoComplete="new-password"
                  className="form-control"
                  placeholder="Password"
                  type="password"
                />
              </div>
              <div
                className="mb-4 input-group"
              >
                <div
                  className="input-group-prepend"
                >
                  <span
                    className="input-group-text"
                  >
                    <i
                      className="icon-lock"
                    />
                  </span>
                </div>
                <input
                  autoComplete="new-password"
                  className="form-control"
                  placeholder="Repeat password"
                  type="password"
                />
              </div>
              <button
                aria-label={null}
                className="btn btn-primary btn-block"
                onClick={[Function]}
              >
                Reset Password
              </button>
            </form>
          </div>
        </div>
      </div>
    </div>
  </div>
</div>
`;
