// Jest Snapshot v1, https://goo.gl/fbAQLP

exports[`renders without crashing 1`] = `
<div
  bg="dark"
  className="my-4 text-light text-center card"
>
  <div
    as="h5"
    className="card-header"
  />
  <table
    className="m-0 table table-sm table-bordered table-striped table-hover"
    variant="dark"
  >
    <thead>
      <tr>
        <th>
          Position
        </th>
        <th>
          Prize
        </th>
      </tr>
    </thead>
    <tbody />
  </table>
</div>
`;
