// Jest Snapshot v1, https://goo.gl/fbAQLP

exports[`renders without crashing 1`] = `
Array [
  <div
    className="row"
  >
    <div
      className="col"
    >
      <div
        className="card"
      >
        <img
          className="card-img"
          height="200"
          src="banner.jpg"
        />
        <div
          className="d-flex card-img-overlay"
        >
          <img
            alt="leagueoflegends"
            className="m-auto"
            height={125}
            src="large.png"
            width={320}
          />
        </div>
      </div>
    </div>
  </div>,
  <div
    className="row"
  />,
]
`;
