// Jest Snapshot v1, https://goo.gl/fbAQLP

exports[`renders without crashing 1`] = `
<button
  aria-label={null}
  className="btn btn-link btn-sm"
  onClick={[Function]}
  style={
    Object {
      "textDecoration": "none",
    }
  }
>
  <small
    className="text-uppercase"
  >
     
    Link
  </small>
</button>
`;
