// Jest Snapshot v1, https://goo.gl/fbAQLP

exports[`renders without crashing 1`] = `
Array [
  <div
    bg="dark"
    className="my-2 text-light text-center card"
  >
    <div
      as="h5"
      className="border-0 card-header"
    >
      Scoreboard
    </div>
  </div>,
  <div
    aria-expanded="false"
    className="collapse"
    style={Object {}}
  >
    <div
      className="text-center mt-5 card-body"
    >
      <div
        className="animated fadeIn pt-1 text-center"
      >
        <div
          className="sk-spinner sk-spinner-pulse"
        />
      </div>
    </div>
  </div>,
]
`;
