// Jest Snapshot v1, https://goo.gl/fbAQLP

exports[`renders without crashing 1`] = `
<button
  aria-label={null}
  className="btn btn-primary"
  onClick={[Function]}
  style={
    Object {
      "width": "75px",
    }
  }
  type="button"
>
  Close
</button>
`;
