// Jest Snapshot v1, https://goo.gl/fbAQLP

exports[`renders without crashing 1`] = `
<h1
  className="animated fadeIn mt-4"
>
  News Feeds
</h1>
`;
