// Jest Snapshot v1, https://goo.gl/fbAQLP

exports[`renders without crashing 1`] = `
Array [
  <span>
    01
  </span>,
  <span>
    /
  </span>,
  <span>
    30
  </span>,
]
`;
