// Jest Snapshot v1, https://goo.gl/fbAQLP

exports[`renders without crashing 1`] = `
<div
  className="card-accent-primary undefined card"
>
  <div
    className="d-flex card-header"
  >
    <strong
      className="text-uppercase my-auto"
    >
      CREDIT CARDS
    </strong>
    <small
      className="ml-2 my-auto text-muted"
    >
      (
      1
      /
      5
      )
    </small>
    <button
      aria-label={null}
      className="p-0 ml-auto my-auto btn btn-link btn-sm"
      disabled={false}
      onClick={[Function]}
      type="button"
    >
      <small
        className="text-uppercase"
      >
        <svg
          aria-hidden="true"
          className="svg-inline--fa fa-plus fa-w-14 "
          data-icon="plus"
          data-prefix="fas"
          focusable="false"
          role="img"
          style={Object {}}
          viewBox="0 0 448 512"
          xmlns="http://www.w3.org/2000/svg"
        >
          <path
            d="M416 208H272V64c0-17.67-14.33-32-32-32h-32c-17.67 0-32 14.33-32 32v144H32c-17.67 0-32 14.33-32 32v32c0 17.67 14.33 32 32 32h144v144c0 17.67 14.33 32 32 32h32c17.67 0 32-14.33 32-32V304h144c17.67 0 32-14.33 32-32v-32c0-17.67-14.33-32-32-32z"
            fill="currentColor"
            style={Object {}}
          />
        </svg>
         
        ADD A NEW CREDIT CARD
      </small>
    </button>
  </div>
  <div
    className="card-body"
  >
    <dl
      className="row mb-0"
    >
      <dd
        className="col-sm-4 m-0 d-flex"
      >
        <svg
          aria-hidden="true"
          className="svg-inline--fa fa-cc-visa fa-w-18 fa-2x my-auto"
          data-icon="cc-visa"
          data-prefix="fab"
          focusable="false"
          role="img"
          style={Object {}}
          viewBox="0 0 576 512"
          xmlns="http://www.w3.org/2000/svg"
        >
          <path
            d="M470.1 231.3s7.6 37.2 9.3 45H446c3.3-8.9 16-43.5 16-43.5-.2.3 3.3-9.1 5.3-14.9l2.8 13.4zM576 80v352c0 26.5-21.5 48-48 48H48c-26.5 0-48-21.5-48-48V80c0-26.5 21.5-48 48-48h480c26.5 0 48 21.5 48 48zM152.5 331.2L215.7 176h-42.5l-39.3 106-4.3-21.5-14-71.4c-2.3-9.9-9.4-12.7-18.2-13.1H32.7l-.7 3.1c15.8 4 29.9 9.8 42.2 17.1l35.8 135h42.5zm94.4.2L272.1 176h-40.2l-25.1 155.4h40.1zm139.9-50.8c.2-17.7-10.6-31.2-33.7-42.3-14.1-7.1-22.7-11.9-22.7-19.2.2-6.6 7.3-13.4 23.1-13.4 13.1-.3 22.7 2.8 29.9 5.9l3.6 1.7 5.5-33.6c-7.9-3.1-20.5-6.6-36-6.6-39.7 0-67.6 21.2-67.8 51.4-.3 22.3 20 34.7 35.2 42.2 15.5 7.6 20.8 12.6 20.8 19.3-.2 10.4-12.6 15.2-24.1 15.2-16 0-24.6-2.5-37.7-8.3l-5.3-2.5-5.6 34.9c9.4 4.3 26.8 8.1 44.8 8.3 42.2.1 69.7-20.8 70-53zM528 331.4L495.6 176h-31.1c-9.6 0-16.9 2.8-21 12.9l-59.7 142.5H426s6.9-19.2 8.4-23.3H486c1.2 5.5 4.8 23.3 4.8 23.3H528z"
            fill="currentColor"
            style={Object {}}
          />
        </svg>
        <span
          className="ml-2 my-auto"
        >
          XXXX XXXX XXXX 4242
        </span>
      </dd>
      <dd
        className="col-sm-2 m-0 d-flex"
      >
        <span
          className="my-auto mr-2 text-muted"
        >
          Expiration:
        </span>
        <span
          className="my-auto"
        >
          06
        </span>
        <span
          className="my-auto"
        >
          /
        </span>
        <span
          className="my-auto"
        >
          15
        </span>
      </dd>
      <dd
        className="col-sm-6 mb-0 d-flex"
      >
        <button
          aria-label={null}
          className="p-0 ml-auto my-auto btn btn-link btn-sm"
          disabled={null}
          onClick={[Function]}
          type="button"
        >
          <small
            className="text-uppercase"
          >
            <svg
              aria-hidden="true"
              className="svg-inline--fa fa-times fa-w-11 "
              data-icon="times"
              data-prefix="fas"
              focusable="false"
              role="img"
              style={Object {}}
              viewBox="0 0 352 512"
              xmlns="http://www.w3.org/2000/svg"
            >
              <path
                d="M242.72 256l100.07-100.07c12.28-12.28 12.28-32.19 0-44.48l-22.24-22.24c-12.28-12.28-32.19-12.28-44.48 0L176 189.28 75.93 89.21c-12.28-12.28-32.19-12.28-44.48 0L9.21 111.45c-12.28 12.28-12.28 32.19 0 44.48L109.28 256 9.21 356.07c-12.28 12.28-12.28 32.19 0 44.48l22.24 22.24c12.28 12.28 32.2 12.28 44.48 0L176 322.72l100.07 100.07c12.28 12.28 32.2 12.28 44.48 0l22.24-22.24c12.28-12.28 12.28-32.19 0-44.48L242.72 256z"
                fill="currentColor"
                style={Object {}}
              />
            </svg>
             
            REMOVE
          </small>
        </button>
        <button
          aria-label={null}
          className="p-0 ml-auto my-auto btn btn-link btn-sm"
          disabled={null}
          onClick={[Function]}
          type="button"
        >
          <small
            className="text-uppercase"
          >
            <svg
              aria-hidden="true"
              className="svg-inline--fa fa-edit fa-w-18 "
              data-icon="edit"
              data-prefix="fas"
              focusable="false"
              role="img"
              style={Object {}}
              viewBox="0 0 576 512"
              xmlns="http://www.w3.org/2000/svg"
            >
              <path
                d="M402.6 83.2l90.2 90.2c3.8 3.8 3.8 10 0 13.8L274.4 405.6l-92.8 10.3c-12.4 1.4-22.9-9.1-21.5-21.5l10.3-92.8L388.8 83.2c3.8-3.8 10-3.8 13.8 0zm162-22.9l-48.8-48.8c-15.2-15.2-39.9-15.2-55.2 0l-35.4 35.4c-3.8 3.8-3.8 10 0 13.8l90.2 90.2c3.8 3.8 10 3.8 13.8 0l35.4-35.4c15.2-15.3 15.2-40 0-55.2zM384 346.2V448H64V128h229.8c3.2 0 6.2-1.3 8.5-3.5l40-40c7.6-7.6 2.2-20.5-8.5-20.5H48C21.5 64 0 85.5 0 112v352c0 26.5 21.5 48 48 48h352c26.5 0 48-21.5 48-48V306.2c0-10.7-12.9-16-20.5-8.5l-40 40c-2.2 2.3-3.5 5.3-3.5 8.5z"
                fill="currentColor"
                style={Object {}}
              />
            </svg>
             
            UPDATE
          </small>
        </button>
      </dd>
    </dl>
  </div>
</div>
`;
