// Jest Snapshot v1, https://goo.gl/fbAQLP

exports[`renders without crashing 1`] = `
<h1
  className="text-uppercase"
>
  HOME PAGE
</h1>
`;
