// Jest Snapshot v1, https://goo.gl/fbAQLP

exports[`renders without crashing 1`] = `
<div
  className="ml-auto"
>
  Â© 
  2019
   eDoxa - All rights reserved.
  <span
    className="mx-2"
  >
    |
  </span>
  <a
    href="/terms-of-services"
    onClick={[Function]}
  >
    Terms of Services
  </a>
</div>
`;
